npm WARN deprecated vue@2.7.16: Vue 2 has reached EOL and is no longer actively maintained. See https://v2.vuejs.org/eol/ for more details.
npm WARN deprecated html-webpack-plugin@3.2.0: 3.x is no longer supported
npm WARN deprecated webpack-chain@6.5.1: Package no longer supported. Contact Support at https://www.npmjs.com/support for more info.
npm WARN deprecated @babel/plugin-proposal-class-properties@7.18.6: This proposal has been merged to the ECMAScript standard and thus this plugin is no longer maintained. Please use @babel/plugin-transform-class-properties instead.
npm WARN deprecated @hapi/joi@15.1.1: Switch to 'npm install joi'
npm WARN deprecated request@2.88.2: request has been deprecated, see https://github.com/request/request/issues/3142
npm WARN deprecated consolidate@0.15.1: Please upgrade to consolidate v1.0.0+ as it has been modernized with several long-awaited fixes implemented. Maintenance is supported by Forward Email at https://forwardemail.net ; follow/watch https://github.com/ladjs/consolidate for updates and release changelog
npm WARN deprecated glob@7.2.3: Glob versions prior to v9 are no longer supported
npm WARN deprecated @hapi/bourne@1.3.2: This version has been deprecated and is no longer supported or maintained
npm WARN deprecated @hapi/address@2.1.4: Moved to 'npm install @sideway/address'
npm WARN deprecated @hapi/topo@3.1.6: This version has been deprecated and is no longer supported or maintained
npm WARN deprecated @hapi/hoek@8.5.1: This version has been deprecated and is no longer supported or maintained
npm WARN deprecated core-js@2.6.12: core-js@<3.23.3 is no longer maintained and not recommended for usage due to the number of issues. Because of the V8 engine whims, feature detection in old core-js versions could cause a slowdown up to 100x even if nothing is polyfilled. Some versions have web compatibility issues. Please, upgrade your dependencies to the actual version of core-js.
npm WARN deprecated har-validator@5.1.5: this library is no longer supported
npm WARN deprecated uuid@3.4.0: Please upgrade  to version 7 or higher.  Older versions may use Math.random() in certain circumstances, which is known to be problematic.  See https://v8.dev/blog/math-random for details.
npm WARN deprecated @types/minimatch@6.0.0: This is a stub types definition. minimatch provides its own type definitions, so you do not need this installed.
npm WARN deprecated inflight@1.0.6: This module is not supported, and leaks memory. Do not use it. Check out lru-cache if you want a good and tested way to coalesce async requests by a key value, which is much more comprehensive and powerful.
npm WARN deprecated figgy-pudding@3.5.2: This module is no longer supported.
npm WARN deprecated move-concurrently@1.0.1: This package is no longer supported.
npm WARN deprecated rimraf@2.7.1: Rimraf versions prior to v4 are no longer supported
npm WARN deprecated fsevents@1.2.13: Upgrade to fsevents v2 to mitigate potential security issues
npm WARN deprecated source-map-resolve@0.5.3: See https://github.com/lydell/source-map-resolve#deprecated
npm WARN deprecated svgo@1.3.2: This SVGO version is no longer supported. Upgrade to v2.x.x.
npm WARN deprecated copy-concurrently@1.0.5: This package is no longer supported.
npm WARN deprecated fs-write-stream-atomic@1.0.10: This package is no longer supported.
npm WARN deprecated resolve-url@0.2.1: https://github.com/lydell/resolve-url#deprecated
npm WARN deprecated source-map-url@0.4.1: See https://github.com/lydell/source-map-url#deprecated
npm WARN deprecated urix@0.1.0: Please see https://github.com/lydell/urix#deprecated
npm WARN deprecated stable@0.1.8: Modern JS already guarantees Array#sort() is a stable sort, so this library is deprecated. See the compatibility table on MDN: https://developer.mozilla.org/en-US/docs/Web/JavaScript/Reference/Global_Objects/Array/sort#browser_compatibility
npm WARN deprecated q@1.5.1: You or someone you depend on is using Q, the JavaScript Promise library that gave JavaScript developers strong feelings about promises. They can almost certainly migrate to the native JavaScript promise now. Thank you literally everyone for joining me in this bet against the odds. Be excellent to each other.
npm WARN deprecated 
npm WARN deprecated (For a CapTP with native promises, see @endo/eventual-send and @endo/captp)
npm WARN rollback Rolling back postcss@7.0.39 failed (this is probably harmless): EPERM: operation not permitted, lstat 'C:\Users\91278\Desktop\project\corsProject\node_modules\postcss-minify-font-values\node_modules'
npm WARN rollback Rolling back domelementtype@2.3.0 failed (this is probably harmless): EPERM: operation not permitted, rmdir 'C:\Users\91278\Desktop\project\corsProject\node_modules\htmlparser2\node_modules'
npm WARN optional SKIPPING OPTIONAL DEPENDENCY: fsevents@~2.3.2 (node_modules\chokidar\node_modules\fsevents):
npm WARN notsup SKIPPING OPTIONAL DEPENDENCY: Unsupported platform for fsevents@2.3.3: wanted {"os":"darwin","arch":"any"} (current: {"os":"win32","arch":"x64"})
npm WARN optional SKIPPING OPTIONAL DEPENDENCY: fsevents@^1.2.7 (node_modules\watchpack-chokidar2\node_modules\chokidar\node_modules\fsevents):
npm WARN notsup SKIPPING OPTIONAL DEPENDENCY: Unsupported platform for fsevents@1.2.13: wanted {"os":"darwin","arch":"any"} (current: {"os":"win32","arch":"x64"})
npm WARN optional SKIPPING OPTIONAL DEPENDENCY: fsevents@^1.2.7 (node_modules\webpack-dev-server\node_modules\chokidar\node_modules\fsevents):
npm WARN notsup SKIPPING OPTIONAL DEPENDENCY: Unsupported platform for fsevents@1.2.13: wanted {"os":"darwin","arch":"any"} (current: {"os":"win32","arch":"x64"})
npm WARN @vue/cli-service@4.5.19 requires a peer of @vue/compiler-sfc@^3.0.0-beta.14 but none is installed. You must install peer dependencies yourself.

npm ERR! code EPERM
npm ERR! syscall rename
npm ERR! path C:\Users\91278\Desktop\project\corsProject\node_modules\@vue\cli-service
npm ERR! dest C:\Users\91278\Desktop\project\corsProject\node_modules\@vue\.cli-service.DELETE
npm ERR! errno -4048
npm ERR! Error: EPERM: operation not permitted, rename 'C:\Users\91278\Desktop\project\corsProject\node_modules\@vue\cli-service' -> 'C:\Users\91278\Desktop\project\corsProject\node_modules\@vue\.cli-service.DELETE'
npm ERR!  [OperationalError: EPERM: operation not permitted, rename 'C:\Users\91278\Desktop\project\corsProject\node_modules\@vue\cli-service' -> 'C:\Users\91278\Desktop\project\corsProject\node_modules\@vue\.cli-service.DELETE'] {
npm ERR!   cause: [Error: EPERM: operation not permitted, rename 'C:\Users\91278\Desktop\project\corsProject\node_modules\@vue\cli-service' -> 'C:\Users\91278\Desktop\project\corsProject\node_modules\@vue\.cli-service.DELETE'] {
npm ERR!     errno: -4048,
npm ERR!     code: 'EPERM',
npm ERR!     syscall: 'rename',
npm ERR!     path: 'C:\\Users\\91278\\Desktop\\project\\corsProject\\node_modules\\@vue\\cli-service',
npm ERR!     dest: 'C:\\Users\\91278\\Desktop\\project\\corsProject\\node_modules\\@vue\\.cli-service.DELETE'
npm ERR!   },
npm ERR!   stack: "Error: EPERM: operation not permitted, rename 'C:\\Users\\91278\\Desktop\\project\\corsProject\\node_modules\\@vue\\cli-service' -> 'C:\\Users\\91278\\Desktop\\project\\corsProject\\node_modules\\@vue\\.cli-service.DELETE'",
npm ERR!   errno: -4048,
npm ERR!   code: 'EPERM',
npm ERR!   syscall: 'rename',
npm ERR!   path: 'C:\\Users\\91278\\Desktop\\project\\corsProject\\node_modules\\@vue\\cli-service',
npm ERR!   dest: 'C:\\Users\\91278\\Desktop\\project\\corsProject\\node_modules\\@vue\\.cli-service.DELETE',
npm ERR!   parent: 'corsProject'
npm ERR! }
npm ERR! 
npm ERR! The operation was rejected by your operating system.
npm ERR! It's possible that the file was already in use (by a text editor or antivirus),
npm ERR! or that you lack permissions to access it.
npm ERR! 
npm ERR! If you believe this might be a permissions issue, please double-check the
npm ERR! permissions of the file and its containing directories, or try running
npm ERR! the command again as root/Administrator.

npm ERR! A complete log of this run can be found in:
npm ERR!     C:\Users\91278\AppData\Roaming\npm-cache\_logs\2026-09-28T06_03_50_838Z-debug.log
